Resource Usage Report
Part: lcmxo2_7000hc-6

Register bits: 556 of 6864 (8%)
PIC Latch:       0
I/O cells:       140

Details:
BB:             1
CCU2D:          143
DP8KC:          11
EHXPLLJ:        1
FD1P3AX:        355
FD1S3AX:        104
FD1S3AY:        10
FD1S3IX:        9
GSR:            1
IB:             45
IFS1P3BX:       1
IFS1P3DX:       43
INV:            25
L6MUX21:        3
OB:             91
OBZ:            3
OFS1P3DX:       34
ORCALUT4:       604
PFUMX:          17
PUR:            1
VHI:            16
VLO:            16
FIFO8KB:        3
