
Copyright (C) 1994-2023 Synopsys, Inc.
This Synopsys software and all associated documentation are proprietary to Synopsys, Inc.
and may only be used pursuant to the terms and conditions of a written license agreement
with Synopsys, Inc. All other use, reproduction, modification, or distribution of the
Synopsys software or the associated documentation is strictly prohibited.
Tool: Synplify Pro (R)
Build: U-2023.03L-SP1
Install: C:\lscc\diamond\3.13\synpbase
OS: Windows 10 or later
Hostname: LEGIONNB

Implementation : impl1
Synopsys HDL compiler and linker, Version comp202303synp1, Build 173R, Built Aug 31 2023 03:59:48, @

Modified Files: 26
FID:  path (prevtimestamp, timestamp)
145      D:\Dropbox\NN2022\Lattice\NN22Control00g4-ExtFifo-VCCS-ZeroRun-7000HC\NN22Control00_main.vhd (2024-10-18 22:16:37, N/A)
146      D:\Dropbox\NN2022\Lattice\NN22Control00g4-ExtFifo-VCCS-ZeroRun-7000HC\NN22Control00_top.vhd (2024-10-17 10:02:47, N/A)
147      D:\Dropbox\NN2022\Lattice\NN22Control00g4-ExtFifo-VCCS-ZeroRun-7000HC\aux_adc_rx.vhd (2023-03-24 19:15:27, N/A)
148      D:\Dropbox\NN2022\Lattice\NN22Control00g4-ExtFifo-VCCS-ZeroRun-7000HC\ext_fifo.vhd (2024-07-21 23:39:59, N/A)
149      D:\Dropbox\NN2022\Lattice\NN22Control00g4-ExtFifo-VCCS-ZeroRun-7000HC\ext_fifo_int_fifo.vhd (2023-08-13 14:04:17, N/A)
150      D:\Dropbox\NN2022\Lattice\NN22Control00g4-ExtFifo-VCCS-ZeroRun-7000HC\main_pll.vhd (2023-08-17 16:36:10, N/A)
151      D:\Dropbox\NN2022\Lattice\NN22Control00g4-ExtFifo-VCCS-ZeroRun-7000HC\ram_a.vhd (2024-07-16 13:38:58, N/A)
152      D:\Dropbox\NN2022\Lattice\NN22Control00g4-ExtFifo-VCCS-ZeroRun-7000HC\ram_b.vhd (2022-12-29 13:40:39, N/A)
153      D:\Dropbox\NN2022\Lattice\NN22Control00g4-ExtFifo-VCCS-ZeroRun-7000HC\spi_rxtx_with_fifo.vhd (2024-10-17 01:08:50, N/A)
154      D:\Dropbox\NN2022\Lattice\NN22Control00g4-ExtFifo-VCCS-ZeroRun-7000HC\spi_txrx_ram.vhd (2024-10-17 01:09:13, N/A)
155      D:\Dropbox\NN2022\Lattice\NN22Control00g4-ExtFifo-VCCS-ZeroRun-7000HC\uart_fifo.vhd (2023-08-14 23:53:04, N/A)
156      D:\Dropbox\NN2022\Lattice\NN22Control00g4-ExtFifo-VCCS-ZeroRun-7000HC\uart_rx.vhd (2023-08-14 22:29:41, N/A)
157      D:\Dropbox\NN2022\Lattice\NN22Control00g4-ExtFifo-VCCS-ZeroRun-7000HC\uart_tx_with_fifo.vhd (2023-08-17 15:03:38, N/A)
158      D:\Dropbox\NN2022\Lattice\NN22Control00g5-ExtFifo-VCCS-VBoost-7000HC\NN22Control00_main.vhd (N/A, 2024-11-02 22:53:39)
159      D:\Dropbox\NN2022\Lattice\NN22Control00g5-ExtFifo-VCCS-VBoost-7000HC\NN22Control00_top.vhd (N/A, 2024-11-02 22:55:05)
160      D:\Dropbox\NN2022\Lattice\NN22Control00g5-ExtFifo-VCCS-VBoost-7000HC\aux_adc_rx.vhd (N/A, 2023-03-24 19:15:27)
161      D:\Dropbox\NN2022\Lattice\NN22Control00g5-ExtFifo-VCCS-VBoost-7000HC\ext_fifo.vhd (N/A, 2024-07-21 23:39:59)
162      D:\Dropbox\NN2022\Lattice\NN22Control00g5-ExtFifo-VCCS-VBoost-7000HC\ext_fifo_int_fifo.vhd (N/A, 2023-08-13 14:04:17)
163      D:\Dropbox\NN2022\Lattice\NN22Control00g5-ExtFifo-VCCS-VBoost-7000HC\main_pll.vhd (N/A, 2023-08-17 16:36:10)
164      D:\Dropbox\NN2022\Lattice\NN22Control00g5-ExtFifo-VCCS-VBoost-7000HC\ram_a.vhd (N/A, 2024-07-16 13:38:58)
165      D:\Dropbox\NN2022\Lattice\NN22Control00g5-ExtFifo-VCCS-VBoost-7000HC\ram_b.vhd (N/A, 2022-12-29 13:40:39)
166      D:\Dropbox\NN2022\Lattice\NN22Control00g5-ExtFifo-VCCS-VBoost-7000HC\spi_rxtx_with_fifo.vhd (N/A, 2024-10-17 01:08:50)
167      D:\Dropbox\NN2022\Lattice\NN22Control00g5-ExtFifo-VCCS-VBoost-7000HC\spi_txrx_ram.vhd (N/A, 2024-10-17 01:09:13)
168      D:\Dropbox\NN2022\Lattice\NN22Control00g5-ExtFifo-VCCS-VBoost-7000HC\uart_fifo.vhd (N/A, 2023-08-14 23:53:04)
169      D:\Dropbox\NN2022\Lattice\NN22Control00g5-ExtFifo-VCCS-VBoost-7000HC\uart_rx.vhd (N/A, 2023-08-14 22:29:41)
170      D:\Dropbox\NN2022\Lattice\NN22Control00g5-ExtFifo-VCCS-VBoost-7000HC\uart_tx_with_fifo.vhd (N/A, 2023-08-17 15:03:38)

*******************************************************************
Modules that may have changed as a result of file changes: 0
MID:  lib.cell.view

*******************************************************************
Unmodified files: 11
FID:  path (timestamp)
121      C:\lscc\diamond\3.13\cae_library\synthesis\vhdl\machxo2.vhd (2021-02-25 00:38:16)
122      C:\lscc\diamond\3.13\synpbase\lib\vhd2008\arith.vhd (2023-08-10 10:32:12)
123      C:\lscc\diamond\3.13\synpbase\lib\vhd2008\location.map (2023-08-30 17:00:02)
124      C:\lscc\diamond\3.13\synpbase\lib\vhd2008\numeric.vhd (2023-08-10 10:55:24)
125      C:\lscc\diamond\3.13\synpbase\lib\vhd2008\std.vhd (2023-08-10 10:32:12)
126      C:\lscc\diamond\3.13\synpbase\lib\vhd2008\std1164.vhd (2023-08-10 10:32:12)
127      C:\lscc\diamond\3.13\synpbase\lib\vhd2008\std_textio.vhd (2023-08-10 10:32:12)
128      C:\lscc\diamond\3.13\synpbase\lib\vhd2008\unsigned.vhd (2023-08-10 10:32:12)
129      C:\lscc\diamond\3.13\synpbase\lib\vhd\hyperents.vhd (2023-08-10 10:32:12)
130      C:\lscc\diamond\3.13\synpbase\lib\vhd\snps_haps_pkg.vhd (2023-08-10 10:32:12)
131      C:\lscc\diamond\3.13\synpbase\lib\vhd\umr_capim.vhd (2023-08-10 10:32:12)

*******************************************************************
Unchanged modules: 0
MID:  lib.cell.view
