Circuit: * Z:\home\hazen\work\ninjanirs-sipm\LTSpice\booster.asc

Direct Newton iteration failed to find .op point.  (Use ".option noopiter" to skip.)
Starting Gmin stepping
Gmin = 10
Gmin = 1.07374
Gmin = 0.115292
Gmin = 0.0123794
Gmin = 0.00132923
Gmin = 0.000142725
Gmin = 1.5325e-005
Gmin = 1.6455e-006
Gmin = 1.76685e-007
Gmin = 1.89714e-008
Gmin = 2.03704e-009
Gmin = 2.18725e-010
Gmin = 2.34854e-011
Gmin = 2.52173e-012
Gmin = 2.70769e-013
Gmin = 0
Gmin stepping succeeded in finding the operating point.

Ignoring empty pin current: Ix(u1:3)
Ignoring empty pin current: Ix(u1:6)
Ignoring empty pin current: Ix(u1:7)
Ignoring empty pin current: Ix(u1:3)
Ignoring empty pin current: Ix(u1:6)
Ignoring empty pin current: Ix(u1:7)

Date: Wed Feb 18 11:17:19 2026
Total elapsed time: 0.680 seconds.

tnom = 27
temp = 27
method = modified trap
totiter = 40798
traniter = 40340
tranpoints = 20171
accept = 20126
rejected = 45
matrix size = 19
fillins = 8
solver = Normal
Matrix Compiler1: 2.30 KB object code size  0.8/0.5/[0.3]
Matrix Compiler2: 1.92 KB object code size  0.5/0.5/[0.4]


