-- all messages logged in file hdlparser.log
-- Analyzing VHDL file 'C:/lscc/diamond/3.13/ispfpga/vhdl_packages/standard.vhd' (VHDL-1481)
C:/lscc/diamond/3.13/ispfpga/vhdl_packages/standard.vhd(9): INFO: analyzing package 'standard' (VHDL-1014)
-- Analyzing VHDL file 'C:/lscc/diamond/3.13/ispfpga/vhdl_packages/std_1164.vhd' (VHDL-1481)
C:/lscc/diamond/3.13/ispfpga/vhdl_packages/std_1164.vhd(15): INFO: analyzing package 'std_logic_1164' (VHDL-1014)
C:/lscc/diamond/3.13/ispfpga/vhdl_packages/std_1164.vhd(178): INFO: analyzing package body 'std_logic_1164' (VHDL-1013)
-- Analyzing VHDL file 'C:/lscc/diamond/3.13/ispfpga/vhdl_packages/mgc_qsim.vhd' (VHDL-1481)
C:/lscc/diamond/3.13/ispfpga/vhdl_packages/mgc_qsim.vhd(18): INFO: analyzing package 'qsim_logic' (VHDL-1014)
C:/lscc/diamond/3.13/ispfpga/vhdl_packages/mgc_qsim.vhd(753): INFO: analyzing package body 'qsim_logic' (VHDL-1013)
-- Analyzing VHDL file 'C:/lscc/diamond/3.13/ispfpga/vhdl_packages/numeric_bit.vhd' (VHDL-1481)
C:/lscc/diamond/3.13/ispfpga/vhdl_packages/numeric_bit.vhd(54): INFO: analyzing package 'numeric_bit' (VHDL-1014)
C:/lscc/diamond/3.13/ispfpga/vhdl_packages/numeric_bit.vhd(834): INFO: analyzing package body 'numeric_bit' (VHDL-1013)
-- Analyzing VHDL file 'C:/lscc/diamond/3.13/ispfpga/vhdl_packages/numeric_std.vhd' (VHDL-1481)
C:/lscc/diamond/3.13/ispfpga/vhdl_packages/numeric_std.vhd(57): INFO: analyzing package 'numeric_std' (VHDL-1014)
C:/lscc/diamond/3.13/ispfpga/vhdl_packages/numeric_std.vhd(874): INFO: analyzing package body 'numeric_std' (VHDL-1013)
-- Analyzing VHDL file 'C:/lscc/diamond/3.13/ispfpga/vhdl_packages/textio.vhd' (VHDL-1481)
C:/lscc/diamond/3.13/ispfpga/vhdl_packages/textio.vhd(13): INFO: analyzing package 'textio' (VHDL-1014)
C:/lscc/diamond/3.13/ispfpga/vhdl_packages/textio.vhd(114): INFO: analyzing package body 'textio' (VHDL-1013)
-- Analyzing VHDL file 'C:/lscc/diamond/3.13/ispfpga/vhdl_packages/std_logic_textio.vhd' (VHDL-1481)
C:/lscc/diamond/3.13/ispfpga/vhdl_packages/std_logic_textio.vhd(26): INFO: analyzing package 'std_logic_textio' (VHDL-1014)
C:/lscc/diamond/3.13/ispfpga/vhdl_packages/std_logic_textio.vhd(72): INFO: analyzing package body 'std_logic_textio' (VHDL-1013)
-- Analyzing VHDL file 'C:/lscc/diamond/3.13/ispfpga/vhdl_packages/syn_attr.vhd' (VHDL-1481)
C:/lscc/diamond/3.13/ispfpga/vhdl_packages/syn_attr.vhd(39): INFO: analyzing package 'attributes' (VHDL-1014)
-- Analyzing VHDL file 'C:/lscc/diamond/3.13/ispfpga/vhdl_packages/syn_misc.vhd' (VHDL-1481)
C:/lscc/diamond/3.13/ispfpga/vhdl_packages/syn_misc.vhd(30): INFO: analyzing package 'std_logic_misc' (VHDL-1014)
C:/lscc/diamond/3.13/ispfpga/vhdl_packages/syn_misc.vhd(182): INFO: analyzing package body 'std_logic_misc' (VHDL-1013)
-- Analyzing VHDL file 'C:/lscc/diamond/3.13/ispfpga/vhdl_packages/math_real.vhd' (VHDL-1481)
C:/lscc/diamond/3.13/ispfpga/vhdl_packages/math_real.vhd(56): INFO: analyzing package 'math_real' (VHDL-1014)
C:/lscc/diamond/3.13/ispfpga/vhdl_packages/math_real.vhd(685): INFO: analyzing package body 'math_real' (VHDL-1013)
-- Analyzing VHDL file 'C:/lscc/diamond/3.13/ispfpga/vhdl_packages/mixed_lang_vltype.vhd' (VHDL-1481)
C:/lscc/diamond/3.13/ispfpga/vhdl_packages/mixed_lang_vltype.vhd(9): INFO: analyzing package 'vl_types' (VHDL-1014)
C:/lscc/diamond/3.13/ispfpga/vhdl_packages/mixed_lang_vltype.vhd(88): INFO: analyzing package body 'vl_types' (VHDL-1013)
-- Analyzing VHDL file 'C:/lscc/diamond/3.13/ispfpga/vhdl_packages/syn_arit.vhd' (VHDL-1481)
C:/lscc/diamond/3.13/ispfpga/vhdl_packages/syn_arit.vhd(25): INFO: analyzing package 'std_logic_arith' (VHDL-1014)
C:/lscc/diamond/3.13/ispfpga/vhdl_packages/syn_arit.vhd(206): INFO: analyzing package body 'std_logic_arith' (VHDL-1013)
-- Analyzing VHDL file 'C:/lscc/diamond/3.13/ispfpga/vhdl_packages/syn_sign.vhd' (VHDL-1481)
C:/lscc/diamond/3.13/ispfpga/vhdl_packages/syn_sign.vhd(35): INFO: analyzing package 'std_logic_signed' (VHDL-1014)
C:/lscc/diamond/3.13/ispfpga/vhdl_packages/syn_sign.vhd(96): INFO: analyzing package body 'std_logic_signed' (VHDL-1013)
-- Analyzing VHDL file 'C:/lscc/diamond/3.13/ispfpga/vhdl_packages/syn_unsi.vhd' (VHDL-1481)
C:/lscc/diamond/3.13/ispfpga/vhdl_packages/syn_unsi.vhd(35): INFO: analyzing package 'std_logic_unsigned' (VHDL-1014)
C:/lscc/diamond/3.13/ispfpga/vhdl_packages/syn_unsi.vhd(94): INFO: analyzing package body 'std_logic_unsigned' (VHDL-1013)
-- Analyzing VHDL file 'C:/lscc/diamond/3.13/ispfpga/vhdl_packages/synattr.vhd' (VHDL-1481)
C:/lscc/diamond/3.13/ispfpga/vhdl_packages/synattr.vhd(50): INFO: analyzing package 'attributes' (VHDL-1014)
-- Analyzing VHDL file 'C:/lscc/diamond/3.13/ispfpga/userware/NT/SYNTHESIS_HEADERS/machxo2.vhd' (VHDL-1481)
-- Analyzing VHDL file 'D:/Dropbox/NN2022/Lattice/NN22Control00g3-ExtFifo-7000HC/NN22Control00_top.vhd' (VHDL-1481)
D:/Dropbox/NN2022/Lattice/NN22Control00g3-ExtFifo-7000HC/NN22Control00_top.vhd(14): INFO: analyzing entity 'nn22control_top' (VHDL-1012)
D:/Dropbox/NN2022/Lattice/NN22Control00g3-ExtFifo-7000HC/NN22Control00_top.vhd(76): INFO: analyzing architecture 'nn22control_top_behavior' (VHDL-1010)
-- Analyzing VHDL file 'D:/Dropbox/NN2022/Lattice/NN22Control00g3-ExtFifo-7000HC/NN22Control00_main.vhd' (VHDL-1481)
D:/Dropbox/NN2022/Lattice/NN22Control00g3-ExtFifo-7000HC/NN22Control00_main.vhd(14): INFO: analyzing entity 'nn22control_main' (VHDL-1012)
D:/Dropbox/NN2022/Lattice/NN22Control00g3-ExtFifo-7000HC/NN22Control00_main.vhd(73): INFO: analyzing architecture 'nn22control_main_behavior' (VHDL-1010)
D:/Dropbox/NN2022/Lattice/NN22Control00g3-ExtFifo-7000HC/NN22Control00_main.vhd(683): ERROR: cannot read from 'out' object 'detbtriggerxso' ; use 'buffer' or 'inout' (VHDL-1033)
D:/Dropbox/NN2022/Lattice/NN22Control00g3-ExtFifo-7000HC/NN22Control00_main.vhd(683): WARNING: formal port 'acqtrgxsi' of mode 'in' cannot be associated with actual port 'detbtriggerxso' of mode 'out' (VHDL-1336)
D:/Dropbox/NN2022/Lattice/NN22Control00g3-ExtFifo-7000HC/NN22Control00_main.vhd(683): ERROR: 'detbtriggerxso' with mode 'out' cannot be read (VHDL-1359)
D:/Dropbox/NN2022/Lattice/NN22Control00g3-ExtFifo-7000HC/NN22Control00_main.vhd(754): ERROR: unit 'nn22control_main_behavior' ignored due to previous errors (VHDL-1284)
-- VHDL file 'D:/Dropbox/NN2022/Lattice/NN22Control00g3-ExtFifo-7000HC/NN22Control00_main.vhd' ignored due to errors (VHDL-1482)
-- Analyzing VHDL file 'D:/Dropbox/NN2022/Lattice/NN22Control00g3-ExtFifo-7000HC/main_pll.vhd' (VHDL-1481)
D:/Dropbox/NN2022/Lattice/NN22Control00g3-ExtFifo-7000HC/main_pll.vhd(14): INFO: analyzing entity 'main_pll' (VHDL-1012)
D:/Dropbox/NN2022/Lattice/NN22Control00g3-ExtFifo-7000HC/main_pll.vhd(21): INFO: analyzing architecture 'structure' (VHDL-1010)
-- Analyzing VHDL file 'D:/Dropbox/NN2022/Lattice/NN22Control00g3-ExtFifo-7000HC/ram_a.vhd' (VHDL-1481)
D:/Dropbox/NN2022/Lattice/NN22Control00g3-ExtFifo-7000HC/ram_a.vhd(14): INFO: analyzing entity 'ram_a' (VHDL-1012)
D:/Dropbox/NN2022/Lattice/NN22Control00g3-ExtFifo-7000HC/ram_a.vhd(32): INFO: analyzing architecture 'structure' (VHDL-1010)
-- Analyzing VHDL file 'D:/Dropbox/NN2022/Lattice/NN22Control00g3-ExtFifo-7000HC/ram_b.vhd' (VHDL-1481)
D:/Dropbox/NN2022/Lattice/NN22Control00g3-ExtFifo-7000HC/ram_b.vhd(14): INFO: analyzing entity 'ram_b' (VHDL-1012)
D:/Dropbox/NN2022/Lattice/NN22Control00g3-ExtFifo-7000HC/ram_b.vhd(32): INFO: analyzing architecture 'structure' (VHDL-1010)
-- Analyzing VHDL file 'D:/Dropbox/NN2022/Lattice/NN22Control00g3-ExtFifo-7000HC/uart_fifo.vhd' (VHDL-1481)
D:/Dropbox/NN2022/Lattice/NN22Control00g3-ExtFifo-7000HC/uart_fifo.vhd(14): INFO: analyzing entity 'uart_fifo' (VHDL-1012)
D:/Dropbox/NN2022/Lattice/NN22Control00g3-ExtFifo-7000HC/uart_fifo.vhd(30): INFO: analyzing architecture 'structure' (VHDL-1010)
-- Analyzing VHDL file 'D:/Dropbox/NN2022/Lattice/NN22Control00g3-ExtFifo-7000HC/uart_tx_with_fifo.vhd' (VHDL-1481)
D:/Dropbox/NN2022/Lattice/NN22Control00g3-ExtFifo-7000HC/uart_tx_with_fifo.vhd(12): INFO: analyzing entity 'uart_tx_with_fifo' (VHDL-1012)
D:/Dropbox/NN2022/Lattice/NN22Control00g3-ExtFifo-7000HC/uart_tx_with_fifo.vhd(28): INFO: analyzing architecture 'behavioral' (VHDL-1010)
-- Analyzing VHDL file 'D:/Dropbox/NN2022/Lattice/NN22Control00g3-ExtFifo-7000HC/uart_rx.vhd' (VHDL-1481)
D:/Dropbox/NN2022/Lattice/NN22Control00g3-ExtFifo-7000HC/uart_rx.vhd(12): INFO: analyzing entity 'uart_rx' (VHDL-1012)
D:/Dropbox/NN2022/Lattice/NN22Control00g3-ExtFifo-7000HC/uart_rx.vhd(26): INFO: analyzing architecture 'behavioral' (VHDL-1010)
-- Analyzing VHDL file 'D:/Dropbox/NN2022/Lattice/NN22Control00g3-ExtFifo-7000HC/aux_adc_rx.vhd' (VHDL-1481)
D:/Dropbox/NN2022/Lattice/NN22Control00g3-ExtFifo-7000HC/aux_adc_rx.vhd(17): INFO: analyzing entity 'aux_adc_rx' (VHDL-1012)
D:/Dropbox/NN2022/Lattice/NN22Control00g3-ExtFifo-7000HC/aux_adc_rx.vhd(37): INFO: analyzing architecture 'aux_adc_rx_behavior' (VHDL-1010)
D:/Dropbox/NN2022/Lattice/NN22Control00g3-ExtFifo-7000HC/aux_adc_rx.vhd(47): ERROR: 'maximum' is not declared (VHDL-1241)
D:/Dropbox/NN2022/Lattice/NN22Control00g3-ExtFifo-7000HC/aux_adc_rx.vhd(198): ERROR: unit 'aux_adc_rx_behavior' ignored due to previous errors (VHDL-1284)
-- VHDL file 'D:/Dropbox/NN2022/Lattice/NN22Control00g3-ExtFifo-7000HC/aux_adc_rx.vhd' ignored due to errors (VHDL-1482)
-- Analyzing VHDL file 'D:/Dropbox/NN2022/Lattice/NN22Control00g3-ExtFifo-7000HC/spi_rxtx_with_fifo.vhd' (VHDL-1481)
D:/Dropbox/NN2022/Lattice/NN22Control00g3-ExtFifo-7000HC/spi_rxtx_with_fifo.vhd(14): INFO: analyzing entity 'spi_rxtx_with_fifo' (VHDL-1012)
D:/Dropbox/NN2022/Lattice/NN22Control00g3-ExtFifo-7000HC/spi_rxtx_with_fifo.vhd(27): INFO: analyzing architecture 'behavioral' (VHDL-1010)
-- Analyzing VHDL file 'D:/Dropbox/NN2022/Lattice/NN22Control00g3-ExtFifo-7000HC/spi_txrx_ram.vhd' (VHDL-1481)
D:/Dropbox/NN2022/Lattice/NN22Control00g3-ExtFifo-7000HC/spi_txrx_ram.vhd(14): INFO: analyzing entity 'spi_txrx_ram' (VHDL-1012)
D:/Dropbox/NN2022/Lattice/NN22Control00g3-ExtFifo-7000HC/spi_txrx_ram.vhd(32): INFO: analyzing architecture 'structure' (VHDL-1010)
-- Analyzing VHDL file 'D:/Dropbox/NN2022/Lattice/NN22Control00g3-ExtFifo-7000HC/ext_fifo.vhd' (VHDL-1481)
D:/Dropbox/NN2022/Lattice/NN22Control00g3-ExtFifo-7000HC/ext_fifo.vhd(15): INFO: analyzing entity 'ext_fifo' (VHDL-1012)
D:/Dropbox/NN2022/Lattice/NN22Control00g3-ExtFifo-7000HC/ext_fifo.vhd(41): INFO: analyzing architecture 'behavioral' (VHDL-1010)
-- Analyzing VHDL file 'D:/Dropbox/NN2022/Lattice/NN22Control00g3-ExtFifo-7000HC/ext_fifo_int_fifo.vhd' (VHDL-1481)
D:/Dropbox/NN2022/Lattice/NN22Control00g3-ExtFifo-7000HC/ext_fifo_int_fifo.vhd(14): INFO: analyzing entity 'ext_fifo_int_fifo' (VHDL-1012)
D:/Dropbox/NN2022/Lattice/NN22Control00g3-ExtFifo-7000HC/ext_fifo_int_fifo.vhd(30): INFO: analyzing architecture 'structure' (VHDL-1010)
INFO: exit parsing due to analyzing error.
