SCUBA, Version Diamond (64-bit) 3.13.0.56.2
Thu Oct 17 01:09:13 2024
  
Copyright (c) 1991-1994 by NeoCAD Inc. All rights reserved.
Copyright (c) 1995 AT&T Corp.   All rights reserved.
Copyright (c) 1995-2001 Lucent Technologies Inc.  All rights reserved.
Copyright (c) 2001 Agere Systems   All rights reserved.
Copyright (c) 2002-2023 Lattice Semiconductor Corporation,  All rights reserved.
  
BEGIN SCUBA Module Synthesis
  
    Issued command   : C:\lscc\diamond\3.13\ispfpga\bin\nt64\scuba.exe -w -n spi_txrx_ram -lang vhdl -synth synplify -bus_exp 7 -bb -arch xo2c00 -type ramdp -device LCMXO2-7000HC -aaddr_width 13 -widtha 8 -baddr_width 13 -widthb 8 -anum_words 8192 -bnum_words 8192 -cascade -1 -mem_init0 -writemodeA NORMAL -writemodeB NORMAL 
    Circuit name     : spi_txrx_ram
    Module type      : RAM_DP_TRUE
    Module Version   : 7.5
    Ports            : 
    Inputs       : DataInA[7:0], DataInB[7:0], AddressA[12:0], AddressB[12:0], ClockA, ClockB, ClockEnA, ClockEnB, WrA, WrB, ResetA, ResetB
    Outputs      : QA[7:0], QB[7:0]
    I/O buffer       : not inserted
    Memory file      : INIT_ALL_0s
    EDIF output      : spi_txrx_ram.edn
    VHDL output      : spi_txrx_ram.vhd
    VHDL template    : spi_txrx_ram_tmpl.vhd
    VHDL testbench   : tb_spi_txrx_ram_tmpl.vhd
    VHDL purpose     : for synthesis and simulation
    Bus notation     : big endian
    Report output    : spi_txrx_ram.srp
    Estimated Resource Usage:
            EBR : 8
  
END   SCUBA Module Synthesis

