Starting process: Module

Starting process: 

SCUBA, Version Diamond (64-bit) 3.13.0.56.2
Tue Jul 16 13:38:58 2024

Copyright (c) 1991-1994 by NeoCAD Inc. All rights reserved.
Copyright (c) 1995 AT&T Corp.   All rights reserved.
Copyright (c) 1995-2001 Lucent Technologies Inc.  All rights reserved.
Copyright (c) 2001 Agere Systems   All rights reserved.
Copyright (c) 2002-2023 Lattice Semiconductor Corporation,  All rights reserved.

BEGIN SCUBA Module Synthesis

    Issued command   : C:\lscc\diamond\3.13\ispfpga\bin\nt64\scuba.exe -w -n ram_a -lang vhdl -synth synplify -bus_exp 7 -bb -arch xo2c00 -type ramdp -device LCMXO2-7000HC -aaddr_width 10 -widtha 9 -baddr_width 10 -widthb 9 -anum_words 1024 -bnum_words 1024 -outdataB REGISTERED -cascade -1 -resetmode SYNC -sync_reset -mem_init0 -writemodeA NORMAL -writemodeB NORMAL 
    Circuit name     : ram_a
    Module type      : RAM_DP_TRUE
    Module Version   : 7.5
    Ports            : 
	Inputs       : DataInA[8:0], DataInB[8:0], AddressA[9:0], AddressB[9:0], ClockA, ClockB, ClockEnA, ClockEnB, WrA, WrB, ResetA, ResetB
	Outputs      : QA[8:0], QB[8:0]
    I/O buffer       : not inserted
    Memory file      : INIT_ALL_0s
    EDIF output      : ram_a.edn
    VHDL output      : ram_a.vhd
    VHDL template    : ram_a_tmpl.vhd
    VHDL testbench   : tb_ram_a_tmpl.vhd
    VHDL purpose     : for synthesis and simulation
    Bus notation     : big endian
    Report output    : ram_a.srp
    Estimated Resource Usage:
            EBR : 1

END   SCUBA Module Synthesis

File: ram_a.lpc created.


End process: completed successfully.


Total Warnings:  0

Total Errors:  0


