Starting process: Module

Starting process: 

SCUBA, Version Diamond (64-bit) 3.12.1.454
Thu Dec 29 16:40:39 2022

Copyright (c) 1991-1994 by NeoCAD Inc. All rights reserved.
Copyright (c) 1995 AT&T Corp.   All rights reserved.
Copyright (c) 1995-2001 Lucent Technologies Inc.  All rights reserved.
Copyright (c) 2001 Agere Systems   All rights reserved.
Copyright (c) 2002-2020 Lattice Semiconductor Corporation,  All rights reserved.

BEGIN SCUBA Module Synthesis

    Issued command   : C:\lscc\diamond\3.12\ispfpga\bin\nt64\scuba.exe -w -n ram_b -lang vhdl -synth lse -bus_exp 7 -bb -arch xo2c00 -type ramdp -device LCMXO2-1200UHC -aaddr_width 10 -widtha 18 -baddr_width 10 -widthb 18 -anum_words 1024 -bnum_words 1024 -outdataB REGISTERED -cascade -1 -resetmode SYNC -sync_reset -mem_init0 -writemodeA NORMAL -writemodeB NORMAL 
    Circuit name     : ram_b
    Module type      : RAM_DP_TRUE
    Module Version   : 7.5
    Ports            : 
	Inputs       : DataInA[17:0], DataInB[17:0], AddressA[9:0], AddressB[9:0], ClockA, ClockB, ClockEnA, ClockEnB, WrA, WrB, ResetA, ResetB
	Outputs      : QA[17:0], QB[17:0]
    I/O buffer       : not inserted
    Memory file      : INIT_ALL_0s
    EDIF output      : ram_b.edn
    VHDL output      : ram_b.vhd
    VHDL template    : ram_b_tmpl.vhd
    VHDL testbench   : tb_ram_b_tmpl.vhd
    VHDL purpose     : for synthesis and simulation
    Bus notation     : big endian
    Report output    : ram_b.srp
    Estimated Resource Usage:
            EBR : 2

END   SCUBA Module Synthesis

File: ram_b.lpc created.


End process: completed successfully.


Total Warnings:  0

Total Errors:  0


