
Copyright (C) 1994-2023 Synopsys, Inc.
This Synopsys software and all associated documentation are proprietary to Synopsys, Inc.
and may only be used pursuant to the terms and conditions of a written license agreement
with Synopsys, Inc. All other use, reproduction, modification, or distribution of the
Synopsys software or the associated documentation is strictly prohibited.
Tool: Synplify Pro (R)
Build: U-2023.03L-SP1
Install: C:\lscc\diamond\3.13\synpbase
OS: Windows 10 or later
Hostname: LEGIONNB

Implementation : impl1

# Written on Sat Nov  2 22:55:18 2024

##### FILES SYNTAX CHECKED ##############################################
Constraint File(s):      (none)

#Run constraint checker to find more issues with constraints.
#########################################################################



No issues found in constraint syntax.



Clock Summary
*************

          Start                             Requested     Requested     Clock        Clock               Clock
Level     Clock                             Frequency     Period        Type         Group               Load 
--------------------------------------------------------------------------------------------------------------
0 -       System                            100.0 MHz     10.000        system       system_clkgroup     0    
                                                                                                              
0 -       main_pll|CLKOP_inferred_clock     100.0 MHz     10.000        inferred     (multiple)          594  
==============================================================================================================


Clock Load Summary
******************

                                  Clock     Source                                     Clock Pin                                          Non-clock Pin     Non-clock Pin
Clock                             Load      Pin                                        Seq Example                                        Seq Example       Comb Example 
-------------------------------------------------------------------------------------------------------------------------------------------------------------------------
System                            0         -                                          -                                                  -                 -            
                                                                                                                                                                         
main_pll|CLKOP_inferred_clock     594       main_pll_inst.PLLInst_0.CLKOP(EHXPLLJ)     NN22Control_main_inst.UartSrcBtoFPGAxDP[6:0].C     -                 -            
=========================================================================================================================================================================
