--------------------------------------------------------------------------------
Lattice Synthesis Timing Report, Version  
Tue Dec 27 20:58:50 2022

Copyright (c) 1991-1994 by NeoCAD Inc. All rights reserved.
Copyright (c) 1995 AT&T Corp.   All rights reserved.
Copyright (c) 1995-2001 Lucent Technologies Inc.  All rights reserved.
Copyright (c) 2001 Agere Systems   All rights reserved.
Copyright (c) 2002-2020 Lattice Semiconductor Corporation,  All rights reserved.

Report Information
------------------
Design:     ram_b
Constraint file:  
Report level:    verbose report, limited to 3 items per constraint
--------------------------------------------------------------------------------



================================================================================
Constraint: create_clock -period 5.000000 -name clk1 [get_nets ClockB_c]
            0 items scored, 0 timing errors detected.
--------------------------------------------------------------------------------


================================================================================
Constraint: create_clock -period 5.000000 -name clk0 [get_nets ClockA_c]
            0 items scored, 0 timing errors detected.
--------------------------------------------------------------------------------

Timing Report Summary
--------------
--------------------------------------------------------------------------------
Constraint                              |   Constraint|       Actual|Levels
--------------------------------------------------------------------------------
                                        |             |             |
create_clock -period 5.000000 -name     |             |             |
clk1 [get_nets ClockB_c]                |            -|            -|     0  
                                        |             |             |
create_clock -period 5.000000 -name     |             |             |
clk0 [get_nets ClockA_c]                |            -|            -|     0  
                                        |             |             |
--------------------------------------------------------------------------------


All constraints were met.



Timing summary:
---------------

Timing errors: 0  Score: 0

Constraints cover  0 paths, 0 nets, and 2 connections (3.1% coverage)


Peak memory: 74469376 bytes, TRCE: 1105920 bytes, DLYMAN: 0 bytes
CPU_TIME_REPORT: 0 secs 
