{
"Synplify Pro (R) Job Log" : {
	"Date" : "22:55:32    02-Nov-2024",
	"Working Directory" : "D:/Dropbox/NN2022/Lattice/NN22Control00g5-ExtFifo-VCCS-VBoost-7000HC/impl1",
	"Install" : "C:/lscc/diamond/3.13/synpbase"
},
"hdl_info_gen" :{
   "Start Time" : "22:55:07",
   "Runtime" : "01s",
   "Executable Run Time" : "01s",
   "hdl_info_gen" : {
      "executable" : "bin64/c_vhdl.exe",
      "Run Directory" : "D:/Dropbox/NN2022/Lattice/NN22Control00g5-ExtFifo-VCCS-VBoost-7000HC/impl1",
      "Run State" : "Complete",
      "Return Code" : "0",
      "Has Errors" : "no",
      "Run Start Time" : "22:55:07",
      "Run Time" : "01s",
      "Exe Run Time" : "01s",
      "Memory Usage" : "-",
      "Up-to-date (run skipped)" : "no"
   }
},
"impl1" :{
   "Start Time" : "22:55:08",
   "Runtime" : "24s",
   "Executable Run Time" : "23s",
   "synthesis" : {
      "Start Time" : "22:55:08",
      "Runtime" : "24s",
      "Executable Run Time" : "23s",
      "compile" : {
         "Start Time" : "22:55:08",
         "Runtime" : "13s",
         "Executable Run Time" : "12s",
         "compile_flow" : {
            "Start Time" : "22:55:08",
            "Runtime" : "10s",
            "Executable Run Time" : "09s",
            "compiler" : {
               "executable" : "bin64/c_hdl.exe",
               "Run Directory" : "D:/Dropbox/NN2022/Lattice/NN22Control00g5-ExtFifo-VCCS-VBoost-7000HC/impl1",
               "Run State" : "Complete",
               "Return Code" : "0",
               "Has Errors" : "no",
               "Run Start Time" : "22:55:08",
               "Run Time" : "09s",
               "Exe Run Time" : "08s",
               "Memory Usage" : "-",
               "Up-to-date (run skipped)" : "no"
            },
            "multi_srs_gen" : {
               "executable" : "bin64/syn_nfilter.exe",
               "Run Directory" : "D:/Dropbox/NN2022/Lattice/NN22Control00g5-ExtFifo-VCCS-VBoost-7000HC/impl1",
               "Run State" : "Complete",
               "Return Code" : "0",
               "Has Errors" : "no",
               "Run Start Time" : "22:55:17",
               "Run Time" : "01s",
               "Exe Run Time" : "01s",
               "Memory Usage" : "-",
               "Up-to-date (run skipped)" : "no"
            }
         },
         "premap" : {
            "executable" : "bin64/m_gen_lattice.exe",
            "Run Directory" : "D:/Dropbox/NN2022/Lattice/NN22Control00g5-ExtFifo-VCCS-VBoost-7000HC/impl1",
            "Run State" : "Complete",
            "Return Code" : "1",
            "Has Errors" : "no",
            "Run Start Time" : "22:55:18",
            "Run Time" : "03s",
            "Exe Run Time" : "03s",
            "Memory Usage" : "-",
            "Up-to-date (run skipped)" : "no"
         }
      },
      "map" : {
         "Start Time" : "22:55:21",
         "Runtime" : "11s",
         "Executable Run Time" : "11s",
         "fpga_mapper" : {
            "executable" : "bin64/m_gen_lattice.exe",
            "Run Directory" : "D:/Dropbox/NN2022/Lattice/NN22Control00g5-ExtFifo-VCCS-VBoost-7000HC/impl1",
            "Run State" : "Complete",
            "Return Code" : "1",
            "Has Errors" : "no",
            "Run Start Time" : "22:55:21",
            "Run Time" : "11s",
            "Exe Run Time" : "11s",
            "Memory Usage" : "-",
            "Up-to-date (run skipped)" : "no"
         }
      }
   }
}
}