###########################################################[

Copyright (C) 1994-2023 Synopsys, Inc.
This Synopsys software and all associated documentation are proprietary to Synopsys, Inc.
and may only be used pursuant to the terms and conditions of a written license agreement
with Synopsys, Inc. All other use, reproduction, modification, or distribution of the
Synopsys software or the associated documentation is strictly prohibited.
Tool: Synplify Pro (R)
Build: U-2023.03L-SP1
Install: C:\lscc\diamond\3.13\synpbase
OS: Windows 10 or later
Hostname: LEGIONNB

Implementation : impl1
Synopsys VHDL Compiler, Version comp202303synp1, Build 173R, Built Aug 31 2023 03:59:48, @

@N|Running in 64-bit mode
Location map warning "C:\lscc\diamond\3.13\synpbase\lib\vhd2008\location.map":55 - Attempted redefinition of package mach.components
@N:"D:\Dropbox\NN2022\Lattice\NN22Control00g5-ExtFifo-VCCS-VBoost-7000HC\NN22Control00_top.vhd":14:7:14:21|Top entity is set to NN22Control_top.
@N: CD140 :	| Using the VHDL 2008 Standard for file 'C:/lscc/diamond/3.13/cae_library/synthesis/vhdl/machxo2.vhd'.
@N: CD140 :	| Using the VHDL 2008 Standard for file 'D:/Dropbox/NN2022/Lattice/NN22Control00g5-ExtFifo-VCCS-VBoost-7000HC/uart_rx.vhd'.
@N: CD140 :	| Using the VHDL 2008 Standard for file 'D:/Dropbox/NN2022/Lattice/NN22Control00g5-ExtFifo-VCCS-VBoost-7000HC/aux_adc_rx.vhd'.
@N: CD140 :	| Using the VHDL 2008 Standard for file 'D:/Dropbox/NN2022/Lattice/NN22Control00g5-ExtFifo-VCCS-VBoost-7000HC/ram_a.vhd'.
@N: CD140 :	| Using the VHDL 2008 Standard for file 'D:/Dropbox/NN2022/Lattice/NN22Control00g5-ExtFifo-VCCS-VBoost-7000HC/ram_b.vhd'.
@N: CD140 :	| Using the VHDL 2008 Standard for file 'D:/Dropbox/NN2022/Lattice/NN22Control00g5-ExtFifo-VCCS-VBoost-7000HC/uart_fifo.vhd'.
@N: CD140 :	| Using the VHDL 2008 Standard for file 'D:/Dropbox/NN2022/Lattice/NN22Control00g5-ExtFifo-VCCS-VBoost-7000HC/uart_tx_with_fifo.vhd'.
@N: CD140 :	| Using the VHDL 2008 Standard for file 'D:/Dropbox/NN2022/Lattice/NN22Control00g5-ExtFifo-VCCS-VBoost-7000HC/spi_txrx_ram.vhd'.
@N: CD140 :	| Using the VHDL 2008 Standard for file 'D:/Dropbox/NN2022/Lattice/NN22Control00g5-ExtFifo-VCCS-VBoost-7000HC/spi_rxtx_with_fifo.vhd'.
@N: CD140 :	| Using the VHDL 2008 Standard for file 'D:/Dropbox/NN2022/Lattice/NN22Control00g5-ExtFifo-VCCS-VBoost-7000HC/ext_fifo_int_fifo.vhd'.
@N: CD140 :	| Using the VHDL 2008 Standard for file 'D:/Dropbox/NN2022/Lattice/NN22Control00g5-ExtFifo-VCCS-VBoost-7000HC/ext_fifo.vhd'.
@N: CD140 :	| Using the VHDL 2008 Standard for file 'D:/Dropbox/NN2022/Lattice/NN22Control00g5-ExtFifo-VCCS-VBoost-7000HC/NN22Control00_main.vhd'.
@N: CD140 :	| Using the VHDL 2008 Standard for file 'D:/Dropbox/NN2022/Lattice/NN22Control00g5-ExtFifo-VCCS-VBoost-7000HC/main_pll.vhd'.
@N: CD140 :	| Using the VHDL 2008 Standard for file 'D:/Dropbox/NN2022/Lattice/NN22Control00g5-ExtFifo-VCCS-VBoost-7000HC/NN22Control00_top.vhd'.

At c_vhdl Exit (Real Time elapsed 0h:00m:00s; CPU Time elapsed 0h:00m:00s; Memory used current: 93MB peak: 94MB)

Process took 0h:00m:01s realtime, 0h:00m:01s cputime

Process completed successfully.
# Sat Nov  2 22:55:08 2024

###########################################################]
