C:\lscc\diamond\3.13\synpbase\bin64\c_vhdl.exe  -osyn  D:\Dropbox\NN2022\Lattice\NN22Control00g5-ExtFifo-VCCS-VBoost-7000HC\impl1\synwork\NN22Control00_impl1_hdl_.srs  -top  NN22Control_top  -prodtype  synplify_pro  -dspmac -fixsmult -infer_seqShift -nram -sdff_counter -divnmod -nostructver  -lattice  -encrypt  -pro  -dmgen  D:\Dropbox\NN2022\Lattice\NN22Control00g5-ExtFifo-VCCS-VBoost-7000HC\impl1\dm  -lite -ui -fid2 -ram -sharing on -ll 2000 -autosm  -vhdl2008 -work_is_curlib 0  -ignore_undefined_lib  -lib work C:\lscc\diamond\3.13\cae_library\synthesis\vhdl\machxo2.vhd -lib work D:\Dropbox\NN2022\Lattice\NN22Control00g5-ExtFifo-VCCS-VBoost-7000HC\NN22Control00_top.vhd -lib work D:\Dropbox\NN2022\Lattice\NN22Control00g5-ExtFifo-VCCS-VBoost-7000HC\NN22Control00_main.vhd -lib work D:\Dropbox\NN2022\Lattice\NN22Control00g5-ExtFifo-VCCS-VBoost-7000HC\main_pll.vhd -lib work D:\Dropbox\NN2022\Lattice\NN22Control00g5-ExtFifo-VCCS-VBoost-7000HC\ram_a.vhd -lib work D:\Dropbox\NN2022\Lattice\NN22Control00g5-ExtFifo-VCCS-VBoost-7000HC\ram_b.vhd -lib work D:\Dropbox\NN2022\Lattice\NN22Control00g5-ExtFifo-VCCS-VBoost-7000HC\uart_fifo.vhd -lib work D:\Dropbox\NN2022\Lattice\NN22Control00g5-ExtFifo-VCCS-VBoost-7000HC\uart_tx_with_fifo.vhd -lib work D:\Dropbox\NN2022\Lattice\NN22Control00g5-ExtFifo-VCCS-VBoost-7000HC\uart_rx.vhd -lib work D:\Dropbox\NN2022\Lattice\NN22Control00g5-ExtFifo-VCCS-VBoost-7000HC\aux_adc_rx.vhd -lib work D:\Dropbox\NN2022\Lattice\NN22Control00g5-ExtFifo-VCCS-VBoost-7000HC\spi_rxtx_with_fifo.vhd -lib work D:\Dropbox\NN2022\Lattice\NN22Control00g5-ExtFifo-VCCS-VBoost-7000HC\spi_txrx_ram.vhd -lib work D:\Dropbox\NN2022\Lattice\NN22Control00g5-ExtFifo-VCCS-VBoost-7000HC\ext_fifo.vhd -lib work D:\Dropbox\NN2022\Lattice\NN22Control00g5-ExtFifo-VCCS-VBoost-7000HC\ext_fifo_int_fifo.vhd  -log  D:\Dropbox\NN2022\Lattice\NN22Control00g5-ExtFifo-VCCS-VBoost-7000HC\impl1\syntax.log  -fileorder  D:\Dropbox\NN2022\Lattice\NN22Control00g5-ExtFifo-VCCS-VBoost-7000HC\impl1\syntmp\hdlorder.tcl  -jobname  "hdl_info_gen" 
relcom:C:\lscc\diamond\3.13\synpbase\bin64\c_vhdl.exe -osyn ..\synwork\NN22Control00_impl1_hdl_.srs -top NN22Control_top -prodtype synplify_pro -dspmac -fixsmult -infer_seqShift -nram -sdff_counter -divnmod -nostructver -lattice -encrypt -pro -dmgen ..\dm -lite -ui -fid2 -ram -sharing on -ll 2000 -autosm -vhdl2008 -work_is_curlib 0 -ignore_undefined_lib -lib work C:\lscc\diamond\3.13\cae_library\synthesis\vhdl\machxo2.vhd -lib work ..\..\NN22Control00_top.vhd -lib work ..\..\NN22Control00_main.vhd -lib work ..\..\main_pll.vhd -lib work ..\..\ram_a.vhd -lib work ..\..\ram_b.vhd -lib work ..\..\uart_fifo.vhd -lib work ..\..\uart_tx_with_fifo.vhd -lib work ..\..\uart_rx.vhd -lib work ..\..\aux_adc_rx.vhd -lib work ..\..\spi_rxtx_with_fifo.vhd -lib work ..\..\spi_txrx_ram.vhd -lib work ..\..\ext_fifo.vhd -lib work ..\..\ext_fifo_int_fifo.vhd -log ..\syntax.log -fileorder hdlorder.tcl -jobname "hdl_info_gen"
rc:0 success:1 runtime:1
file:..\synwork\nn22control00_impl1_hdl_.srs|io:o|time:0|size:-1|exec:0|csum:
file:c:\lscc\diamond\3.13\cae_library\synthesis\vhdl\machxo2.vhd|io:i|time:1614242296|size:73964|exec:0|csum:CFF92E93E4FE354031DBB4E0E47DD4A6
file:..\..\nn22control00_top.vhd|io:i|time:1730613305|size:7191|exec:0|csum:FB45B38893DFC02EAC1BBE7A381B882D
file:..\..\nn22control00_main.vhd|io:i|time:1730613219|size:26388|exec:0|csum:2A682F700D3FB190423C3E0CFCFAC64A
file:..\..\main_pll.vhd|io:i|time:1692315370|size:7652|exec:0|csum:837A24C8CC2D1BE9393BD7B7AC3C2C58
file:..\..\ram_a.vhd|io:i|time:1721162338|size:11316|exec:0|csum:2D0273724D46EEE4CB688DEC17A29FB0
file:..\..\ram_b.vhd|io:i|time:1672350039|size:16886|exec:0|csum:6D0BA5C4CB2DC1275E809F61524B17BF
file:..\..\uart_fifo.vhd|io:i|time:1692082384|size:5308|exec:0|csum:D30C38EE58A577E4967FB063FF5BD673
file:..\..\uart_tx_with_fifo.vhd|io:i|time:1692309818|size:3585|exec:0|csum:E87761513EAC2B5E3186283CC21C0265
file:..\..\uart_rx.vhd|io:i|time:1692077381|size:2595|exec:0|csum:D3D93A7158A9F14A18321E6D7976CE6C
file:..\..\aux_adc_rx.vhd|io:i|time:1679710527|size:5863|exec:0|csum:15CA41EE31C8057C1C10A58B4147927B
file:..\..\spi_rxtx_with_fifo.vhd|io:i|time:1729152530|size:8708|exec:0|csum:C191792CACD8D5DAFA3C25B38C70E2A9
file:..\..\spi_txrx_ram.vhd|io:i|time:1729152553|size:50182|exec:0|csum:2D057D586418331F8FDA7D9DCBC52314
file:..\..\ext_fifo.vhd|io:i|time:1721630399|size:11282|exec:0|csum:00C2B3ABDED8C8915F72826DE80CC4FF
file:..\..\ext_fifo_int_fifo.vhd|io:i|time:1691960657|size:5355|exec:0|csum:4DAD4F50FBEB6D1A2BD785D22AFC1D84
file:..\syntax.log|io:o|time:1730613308|size:3262|exec:0|csum:
file:c:\lscc\diamond\3.13\synpbase\bin64\c_vhdl.exe|io:i|time:1693510890|size:7713792|exec:1|csum:9BF1BBEEB7DA98FA392F6D43741FE5E2
